sam@smr:~/0test/openj9$ docker run --rm -it -v$PWD:/sandbox openj9build /bin/bash
root@86c627cecb01:/sandbox# cd jdk9-VirtualizingCodeGeneratorTesting-VirtualizingCodeGeneratorTesting/build/linux-x86_64-normal-server-release/jdk/bin/
root@86c627cecb01:/sandbox/jdk9-VirtualizingCodeGeneratorTesting-VirtualizingCodeGeneratorTesting/bu
ild/linux-x86_64-normal-server-release/jdk/bin# gdb --args ./java --version
GNU gdb (Ubuntu 7.11.1-0ubuntu1~16.5) 7.11.1
Copyright (C) 2016 Free Software Foundation, Inc.
License GPLv3+: GNU GPL version 3 or later <http://gnu.org/licenses/gpl.html>
This is free software: you are free to change and redistribute it.
There is NO WARRANTY, to the extent permitted by law.  Type "show copying"
and "show warranty" for details.
This GDB was configured as "x86_64-linux-gnu".
Type "show configuration" for configuration details.
For bug reporting instructions, please see:
<http://www.gnu.org/software/gdb/bugs/>.
Find the GDB manual and other documentation resources online at:
<http://www.gnu.org/software/gdb/documentation/>.
For help, type "help".
Type "apropos word" to search for commands related to "word"...
Reading symbols from ./java...(no debugging symbols found)...done.
(gdb) r
Starting program: /sandbox/jdk9-VirtualizingCodeGeneratorTesting-VirtualizingCodeGeneratorTesting/build/linux-x86_64-normal-server-release/jdk/bin/java --version
warning: Error disabling address space randomization: Operation not permitted
During startup program terminated with signal SIGSEGV, Segmentation fault.
(gdb) bt
No stack.
(gdb) handle SIGSEGV stop nopass
Signal        Stop      Print   Pass to program Description
SIGSEGV       Yes       Yes     No              Segmentation fault
(gdb) r
Starting program: /sandbox/jdk9-VirtualizingCodeGeneratorTesting-VirtualizingCodeGeneratorTesting/build/linux-x86_64-normal-server-release/jdk/bin/java --version
warning: Error disabling address space randomization: Operation not permitted
During startup program terminated with signal SIGSEGV, Segmentation fault.
(gdb) q
__________________________________________________
root@86c627cecb01:/sandbox/jdk9-VirtualizingCodeGeneratorTesting-VirtualizingCodeGeneratorTesting/bu
ild/linux-x86_64-normal-server-release/jdk/bin# gdb ./java ./core.20180719.173220.462.0001.dmp
GNU gdb (Ubuntu 7.11.1-0ubuntu1~16.5) 7.11.1
Copyright (C) 2016 Free Software Foundation, Inc.
License GPLv3+: GNU GPL version 3 or later <http://gnu.org/licenses/gpl.html>
This is free software: you are free to change and redistribute it.
There is NO WARRANTY, to the extent permitted by law.  Type "show copying"
and "show warranty" for details.
This GDB was configured as "x86_64-linux-gnu".
Type "show configuration" for configuration details.
For bug reporting instructions, please see:
<http://www.gnu.org/software/gdb/bugs/>.
Find the GDB manual and other documentation resources online at:
<http://www.gnu.org/software/gdb/documentation/>.
For help, type "help".
Type "apropos word" to search for commands related to "word"...
Reading symbols from ./java...(no debugging symbols found)...done.
[New LWP 475]
[Thread debugging using libthread_db enabled]
Using host libthread_db library "/lib/x86_64-linux-gnu/libthread_db.so.1".
Core was generated by `/sandbox/jdk9-VirtualizingCodeGeneratorTesting-VirtualizingCodeGeneratorTesting'.
Program terminated with signal SIGSEGV, Segmentation fault.
#0  __pthread_kill (threadid=<optimized out>, signo=11)
    at ../sysdeps/unix/sysv/linux/pthread_kill.c:62
62      ../sysdeps/unix/sysv/linux/pthread_kill.c: No such file or directory.
(gdb) r
Starting program: /sandbox/jdk9-VirtualizingCodeGeneratorTesting-VirtualizingCodeGeneratorTesting/build/linux-x86_64-normal-server-release/jdk/bin/java
warning: Error disabling address space randomization: Operation not permitted
During startup program terminated with signal SIGSEGV, Segmentation fault.
(gdb) bt
No stack.
(gdb) q
__________________________________________________
root@86c627cecb01:/sandbox/jdk9-VirtualizingCodeGeneratorTesting-VirtualizingCodeGeneratorTesting/bu
ild/linux-x86_64-normal-server-release/jdk/bin# gdb --args ./java -Xnosigcatch -Xrs -version
GNU gdb (Ubuntu 7.11.1-0ubuntu1~16.5) 7.11.1
Copyright (C) 2016 Free Software Foundation, Inc.
License GPLv3+: GNU GPL version 3 or later <http://gnu.org/licenses/gpl.html>
This is free software: you are free to change and redistribute it.
There is NO WARRANTY, to the extent permitted by law.  Type "show copying"
and "show warranty" for details.
This GDB was configured as "x86_64-linux-gnu".
Type "show configuration" for configuration details.
For bug reporting instructions, please see:
<http://www.gnu.org/software/gdb/bugs/>.
Find the GDB manual and other documentation resources online at:
<http://www.gnu.org/software/gdb/documentation/>.
For help, type "help".
Type "apropos word" to search for commands related to "word"...
Reading symbols from ./java...(no debugging symbols found)...done.
(gdb) handle SIGSEGV stop nopass
Signal        Stop      Print   Pass to program Description
SIGSEGV       Yes       Yes     No              Segmentation fault
(gdb) r
Starting program: /sandbox/jdk9-VirtualizingCodeGeneratorTesting-VirtualizingCodeGeneratorTesting/build/linux-x86_64-normal-server-release/jdk/bin/java -Xnosigcatch -Xrs -version
warning: Error disabling address space randomization: Operation not permitted
bt
During startup program terminated with signal SIGSEGV, Segmentation fault.
(gdb) bt
No stack.
(gdb) q
__________________________________________________
root@86c627cecb01:/sandbox/jdk9-VirtualizingCodeGeneratorTesting-VirtualizingCodeGeneratorTesting/bu
ild/linux-x86_64-normal-server-release/jdk/bin# gdb --args ./java -Xnosigcatch -Xint -version
GNU gdb (Ubuntu 7.11.1-0ubuntu1~16.5) 7.11.1
Copyright (C) 2016 Free Software Foundation, Inc.
License GPLv3+: GNU GPL version 3 or later <http://gnu.org/licenses/gpl.html>
This is free software: you are free to change and redistribute it.
There is NO WARRANTY, to the extent permitted by law.  Type "show copying"
and "show warranty" for details.
This GDB was configured as "x86_64-linux-gnu".
Type "show configuration" for configuration details.
For bug reporting instructions, please see:
<http://www.gnu.org/software/gdb/bugs/>.
Find the GDB manual and other documentation resources online at:
<http://www.gnu.org/software/gdb/documentation/>.
For help, type "help".
Type "apropos word" to search for commands related to "word"...
Reading symbols from ./java...(no debugging symbols found)...done.
(gdb) handle SIGSEGV stop nopass
Signal        Stop      Print   Pass to program Description
SIGSEGV       Yes       Yes     No              Segmentation fault
(gdb) set startup-with-shell off
(gdb) r
Starting program: /sandbox/jdk9-VirtualizingCodeGeneratorTesting-VirtualizingCodeGeneratorTesting/build/linux-x86_64-normal-server-release/jdk/bin/java -Xnosigcatch -Xint -version
warning: Error disabling address space randomization: Operation not permitted
openjdk version "9.0.4-internal"
OpenJDK Runtime Environment (build 9.0.4-internal+0-adhoc..jdk9-VirtualizingCodeGeneratorTesting-VirtualizingCodeGeneratorTesting)
Eclipse OpenJ9 VM (build Virtualizing-CodeGenerator-Testing-1b15415, JRE 9 Linux amd64-64-Bit Compressed References 20180719_000000 (JIT disabled, AOT disabled)
OpenJ9   - 1b15415
OMR      - a424309
JCL      - 428fef7 based on jdk-9.0.4+12)
During startup program exited normally.
(gdb) q
root@86c627cecb01:/sandbox/jdk9-VirtualizingCodeGeneratorTesting-VirtualizingCodeGeneratorTesting/bu
ild/linux-x86_64-normal-server-release/jdk/bin# exit
__________________________________________________
sam@smr:~/0test/openj9$ docker run --privileged  --cap-add=SYS_PTRACE --security-opt seccomp=unconfined --rm -it -v$PWD:/sandbox openj9build /bin/bash
root@13feef79577f:~# cd /sandbox/jdk9-VirtualizingCodeGeneratorTesting-VirtualizingCodeGeneratorTesting/build/linux-x86_64-normal-server-release/jdk/bin/
root@13feef79577f:/sandbox/jdk9-VirtualizingCodeGeneratorTesting-VirtualizingCodeGeneratorTesting/bu
ild/linux-x86_64-normal-server-release/jdk/bin# addr2line -e ../../vm/libj9prt29.so 0x3a722
/sandbox/jdk9-VirtualizingCodeGeneratorTesting-VirtualizingCodeGeneratorTesting/build/linux-x86_64-normal-server-release/vm/port/j9omrport/../../omr/port/linux/omrosbacktrace_impl.c:69
root@13feef79577f:/sandbox/jdk9-VirtualizingCodeGeneratorTesting-VirtualizingCodeGeneratorTesting/bu
ild/linux-x86_64-normal-server-release/jdk/bin# addr2line -e ../../vm/libj9prt29.so 0x9931b
??:0